#-----------------------------------------------------------
# Vivado v2025.1 (64-bit)
# SW Build 6140274 on Wed May 21 22:58:25 MDT 2025
# IP Build 6138677 on Thu May 22 03:10:11 MDT 2025
# SharedData Build 6139179 on Tue May 20 17:58:58 MDT 2025
# Start of session at: Wed Sep 10 14:47:45 2025
# Process ID         : 539508
# Current directory  : /home/intern/Downloads/Nexys-A7-100T-DMA-Audio-2018.2-1/vivado_proj/Nexys-A7-100T-DMA-Audio.runs/design_1_ilmb_v10_0_synth_1
# Command line       : vivado -log design_1_ilmb_v10_0.vds -product Vivado -mode batch -messageDb vivado.pb -notrace -source design_1_ilmb_v10_0.tcl
# Log file           : /home/intern/Downloads/Nexys-A7-100T-DMA-Audio-2018.2-1/vivado_proj/Nexys-A7-100T-DMA-Audio.runs/design_1_ilmb_v10_0_synth_1/design_1_ilmb_v10_0.vds
# Journal file       : /home/intern/Downloads/Nexys-A7-100T-DMA-Audio-2018.2-1/vivado_proj/Nexys-A7-100T-DMA-Audio.runs/design_1_ilmb_v10_0_synth_1/vivado.jou
# Running On         : OASIS2
# Platform           : Ubuntu
# Operating System   : Ubuntu 24.04.2 LTS
# Processor Detail   : Intel(R) Xeon(R) CPU E5-1620 v4 @ 3.50GHz
# CPU Frequency      : 3492.231 MHz
# CPU Physical cores : 4
# CPU Logical cores  : 8
# Host memory        : 33573 MB
# Swap memory        : 8589 MB
# Total Virtual      : 42162 MB
# Available Virtual  : 32567 MB
#-----------------------------------------------------------
source design_1_ilmb_v10_0.tcl -notrace
